// Jest Snapshot v1, https://goo.gl/fbAQLP

exports[`Error should render correctly 1`] = `
<View
  style={
    Array [
      Object {
        "flex": 1,
        "flexDirection": "column",
        "justifyContent": "center",
        "padding": 30,
      },
      undefined,
    ]
  }
>
  <Icon
    allowFontScaling={false}
    name="exclamation-triangle"
    size={12}
    style={
      Array [
        Object {
          "backgroundColor": "transparent",
          "color": "#F41C04",
          "fontSize": 80,
          "marginBottom": 5,
          "opacity": 0.4,
          "textAlign": "center",
        },
        undefined,
      ]
    }
  />
  <Text
    accessible={true}
    allowFontScaling={true}
    ellipsizeMode="tail"
    style={
      Array [
        Object {
          "color": "#F41C04",
          "fontSize": 22,
          "fontWeight": "bold",
          "marginBottom": 5,
          "textAlign": "center",
        },
        undefined,
      ]
    }
  >
    test
  </Text>
  <Text
    accessible={true}
    allowFontScaling={true}
    ellipsizeMode="tail"
    style={
      Array [
        Object {
          "color": "hsl(6, 96.8%, 34%)",
          "fontSize": 14,
          "textAlign": "center",
        },
        undefined,
      ]
    }
  >
    test
  </Text>
</View>
`;
